// Jest Snapshot v1, https://goo.gl/fbAQLP

exports[`plugin a project that is up to date prints a success message 1`] = `"All packages installed and up to date."`;

exports[`plugin a project that is up to date prints a success message 2`] = `""`;

exports[`plugin a project that is up to date prints a success message 3`] = `""`;

exports[`plugin a project with a missing package and wrong package lists missing packages, wrong versions and a prompt to install 1`] = `""`;

exports[`plugin a project with a missing package and wrong package lists missing packages, wrong versions and a prompt to install 2`] = `
"Missing packages:
  - underscore
  - object-assign
Wrong packages:
  - classnames (expected ^2.2.6 but got 3.2.6)"
`;

exports[`plugin a project with a missing package and wrong package lists missing packages, wrong versions and a prompt to install 3`] = `"Please run [1m\`yarn install --check-files\`[22m to update."`;
